---
source: src/nom/decoder/lp_problem.rs
expression: constraints
---
[
    Standard {
        name: Some(
            "c1",
        ),
        coefficients: [
            Coefficient {
                var_name: "x1",
                coefficient: 3.0,
            },
            Coefficient {
                var_name: "x2",
                coefficient: 1.0,
            },
            Coefficient {
                var_name: "x3",
                coefficient: 2.0,
            },
        ],
        operator: EQ,
        rhs: 30.0,
    },
    Standard {
        name: Some(
            "c2",
        ),
        coefficients: [
            Coefficient {
                var_name: "x1",
                coefficient: 2.0,
            },
            Coefficient {
                var_name: "x2",
                coefficient: 1.0,
            },
            Coefficient {
                var_name: "x3",
                coefficient: 3.0,
            },
            Coefficient {
                var_name: "x4",
                coefficient: 1.0,
            },
        ],
        operator: GTE,
        rhs: 15.0,
    },
    Standard {
        name: Some(
            "c3",
        ),
        coefficients: [
            Coefficient {
                var_name: "x2",
                coefficient: 2.0,
            },
            Coefficient {
                var_name: "x4",
                coefficient: 3.0,
            },
        ],
        operator: LTE,
        rhs: 25.0,
    },
]
