---
source: rust/tests/test_analysis.rs
expression: analysis
---
summary:
  name: boeing1.lp
  sense: Minimize
  objective_count: 1
  constraint_count: 348
  variable_count: 473
  total_nonzeros: 3574
  density: 0.02171
sparsity:
  min_vars_per_constraint: 1
  max_vars_per_constraint: 314
variables:
  type_distribution:
    free: 228
    general: 0
    lower_bounded: 0
    upper_bounded: 0
    double_bounded: 245
    binary: 0
    integer: 0
    semi_continuous: 0
    sos: 0
  free_variables:
    - GRDTIMO1
    - GRDTIMO2
    - GRDTIMO3
    - GRDTIMO4
    - GRDTIMO5
    - GRDTIMO6
    - PBOSBUR1
    - PBOSBUR2
    - PBOSHNL0
    - PBOSHNL1
    - PBOSHNL7
    - PBOSHNL8
    - PBOSLAX0
    - PBOSLAX1
    - PBOSLAX7
    - PBOSOAK0
    - PBOSOAK6
    - PBOSONT1
    - PBOSONT2
    - PBOSSEA0
    - PBOSSEA1
    - PBOSSEA2
    - PBOSSFO0
    - PBOSSFO1
    - PBOSTPE1
    - PBOSTPE2
    - PBOSTYO1
    - PBOSTYO2
    - PBOSYUL0
    - PBOSYUL1
    - PBOSYUL2
    - PBOSYUL3
    - PBOSYUL4
    - PBOSYVR0
    - PBOSYVR1
    - PBOSYVR2
    - PBOSYWG0
    - PBOSYWG1
    - PBOSYWG7
    - PBOSYYZ0
    - PBOSYYZ1
    - PBURHNL0
    - PBURHNL6
    - PBURLON1
    - PBUROAK0
    - PBUROAK1
    - PBURPAR1
    - PBURSEA0
    - PBURSEA1
    - PBURSFO0
    - PBURTPE1
    - PBURTYO1
    - PBURYVR1
    - PHNLLAX0
    - PHNLLAX1
    - PHNLLAX2
    - PHNLLAX3
    - PHNLLON0
    - PHNLLON6
    - PHNLOAK0
    - PHNLOAK1
    - PHNLOAK2
    - PHNLOAK8
    - PHNLONT0
    - PHNLONT6
    - PHNLPAR0
    - PHNLPAR6
    - PHNLSEA0
    - PHNLSEA1
    - PHNLSEA2
    - PHNLSFO0
    - PHNLSFO1
    - PHNLSFO7
    - PHNLYUL1
    - PHNLYVR0
    - PHNLYVR1
    - PHNLYVR7
    - PHNLYWG1
    - PHNLYYZ1
    - PLASSEA0
    - PLASSEA1
    - PLASTPE1
    - PLASTYO1
    - PLASYVR0
    - PLASYVR6
    - PLAXLON0
    - PLAXLON6
    - PLAXLON7
    - PLAXOAK0
    - PLAXOAK1
    - PLAXOAK2
    - PLAXONT0
    - PLAXPAR0
    - PLAXPAR6
    - PLAXPAR7
    - PLAXSEA0
    - PLAXSEA1
    - PLAXSEA2
    - PLAXSEA3
    - PLAXSEA4
    - PLAXSEA5
    - PLAXSEA6
    - PLAXSEA7
    - PLAXSEA8
    - PLAXSEA9
    - PLAXSFO0
    - PLAXSFO1
    - PLAXSFO2
    - PLAXSFO3
    - PLAXSFO4
    - PLAXSFO5
    - PLAXSFO6
    - PLAXTPE0
    - PLAXTPE1
    - PLAXTPE2
    - PLAXTPE8
    - PLAXTYO0
    - PLAXTYO1
    - PLAXTYO2
    - PLAXTYO8
    - PLAXYVR0
    - PLAXYVR1
    - PLAXYVR2
    - PLONOAK1
    - PLONONT1
    - PLONPAR0
    - PLONPAR1
    - PLONPAR2
    - PLONSEA0
    - PLONSEA1
    - PLONYVR0
    - PLONYVR1
    - PLONYVR7
    - POAKONT0
    - POAKONT1
    - POAKPAR1
    - POAKSEA0
    - POAKSEA1
    - POAKSEA2
    - POAKTPE1
    - POAKTYO1
    - PONTPAR1
    - PONTSEA0
    - PONTSEA1
    - PONTSEA2
    - PONTSFO0
    - PONTTPE1
    - PONTTYO1
    - PPARSEA0
    - PPARSEA1
    - PPARSFO1
    - PPARYVR0
    - PPARYVR1
    - PPARYVR7
    - PRNOSEA0
    - PRNOSEA1
    - PRNOTPE1
    - PRNOTYO1
    - PRNOYVR0
    - PSEASFO0
    - PSEASFO1
    - PSEASFO2
    - PSEASFO3
    - PSEASFO4
    - PSEASFO5
    - PSEASFO6
    - PSEATPE0
    - PSEATPE1
    - PSEATPE2
    - PSEATPE3
    - PSEATYO0
    - PSEATYO1
    - PSEATYO2
    - PSEATYO3
    - PSEAYVR0
    - PSEAYVR1
    - PSEAYVR2
    - PSEAYVR3
    - PSEAYVR4
    - PSEAYVR5
    - PSEAYVR6
    - PSEAYVR7
    - PSEAYVR8
    - PSFOTPE0
    - PSFOTPE1
    - PSFOTPE2
    - PSFOTPE8
    - PSFOTYO0
    - PSFOTYO1
    - PSFOTYO2
    - PSFOTYO8
    - PSFOYVR0
    - PSFOYVR1
    - PTPETYO0
    - PTPETYO1
    - PTPETYO2
    - PTPETYO3
    - PTPEYUL1
    - PTPEYVR0
    - PTPEYWG1
    - PTPEYYZ1
    - PTYOYUL1
    - PTYOYVR0
    - PTYOYWG1
    - PTYOYYZ1
    - PYULYVR0
    - PYULYVR1
    - PYULYVR2
    - PYULYVR3
    - PYULYWG0
    - PYULYWG1
    - PYULYWG2
    - PYULYWG3
    - PYULYYZ0
    - PYULYYZ1
    - PYULYYZ2
    - PYULYYZ3
    - PYULYYZ4
    - PYVRYWG0
    - PYVRYWG1
    - PYVRYWG2
    - PYVRYYZ0
    - PYVRYYZ1
    - PYVRYYZ2
    - PYWGYYZ0
    - PYWGYYZ1
    - PYWGYYZ2
    - PYWGYYZ3
  fixed_variables: []
  invalid_bounds: []
  unused_variables: []
  discrete_variable_count: 0
constraints:
  type_distribution:
    equality: 98
    less_than_equal: 4
    greater_than_equal: 246
    less_than: 0
    greater_than: 0
    sos1: 0
    sos2: 0
  empty_constraints: []
  singleton_constraints:
    - name: DMSFOOAK
      variable: PBOSOAK6
      coefficient: -1
      operator: "="
      rhs: 0
    - name: MSBOSOAK
      variable: N1046AC3
      coefficient: 1
      operator: ">="
      rhs: 1
    - name: MSLAXLON
      variable: N1026AC1
      coefficient: 1
      operator: ">="
      rhs: 1
  rhs_range:
    min: 0
    max: 2952
    count: 348
  sos_summary:
    s1_count: 0
    s2_count: 0
    total_sos_variables: 0
coefficients:
  constraint_coeff_range:
    min: 0.01132
    max: 3102.58496
    count: 3574
  objective_coeff_range:
    min: 0.01132
    max: 42.82423
    count: 380
  large_coefficients: []
  small_coefficients: []
  coefficient_ratio: 274079.94346289756
issues:
  - severity: Info
    category: SingletonConstraint
    message: 3 singleton constraint(s) detected (may represent simple bounds)
    details: ~
