---
source: tests/test_from_file.rs
expression: result
---
constraints:
  "r01:":
    Standard:
      name: "r01:"
      coefficients:
        - coefficient: 1
          var_name: x
        - coefficient: 1
          var_name: y
      sense: ">="
      rhs: 1
objectives:
  - coefficients:
      - coefficient: 1
        var_name: x
      - coefficient: 10
        var_name: y
    name: obj
problem_name: ~
problem_sense: Minimize
variables:
  x: Binary
  y: Binary
