---
source: tests/test_from_file.rs
expression: result
---
constraints:
  "CON1:":
    Standard:
      name: "CON1:"
      coefficients:
        - coefficient: 1
          var_name: V1
      sense: ">="
      rhs: 0
  "CON2:":
    Standard:
      name: "CON2:"
      coefficients:
        - coefficient: 1
          var_name: V2
      sense: ">="
      rhs: 2
  "CON3:":
    Standard:
      name: "CON3:"
      coefficients:
        - coefficient: 1
          var_name: V3
      sense: "<="
      rhs: 2.5
  "CON4:":
    Standard:
      name: "CON4:"
      coefficients:
        - coefficient: 1
          var_name: V5
        - coefficient: 1
          var_name: V6
        - coefficient: 1
          var_name: V7
      sense: "<="
      rhs: 1
objectives:
  - coefficients:
      - coefficient: -1
        var_name: V4
      - coefficient: 1
        var_name: V5
    name: obj
problem_name: ~
problem_sense: Minimize
variables:
  V1:
    Bounded:
      - -inf
      - 3
      - false
  V2:
    Bounded:
      - -inf
      - 3
      - false
  V3:
    Bounded:
      - -inf
      - 3
      - false
  V4: General
  V5:
    Bounded:
      - 0
      - 1
      - false
  V6:
    Bounded:
      - 0
      - 1
      - false
  V7:
    Bounded:
      - 0
      - 1
      - false
  V8: Binary
