---
source: tests/test_from_file.rs
expression: result
---
problem_name: ~
problem_sense: Minimize
variables:
  Gen_001d01h01:
    Bounded:
      - 0
      - 1
      - false
  Gen_001d01h02:
    Bounded:
      - 0
      - inf
      - false
  Gen_001d01h03: General
  Gen_001d01h04: General
  Gen_001d01h05: General
  Gen_001d01h06: General
  Gen_001d01h07: General
  Gen_001d01h08: General
  Gen_001d01h09: General
  Gen_001d01h10: General
  Gen_001d01h11: General
  "SO_GB.XYZ's.Dan.(1)": General
  STU_7_AL.rsuT.Wat.Job.(1): General
objectives:
  - name: system_cost
    coefficients:
      - var_name: Gen_001d01h01
        coefficient: 0.2
      - var_name: Gen_001d01h02
        coefficient: 0.2
      - var_name: Gen_001d01h03
        coefficient: 0.2
      - var_name: Gen_001d01h04
        coefficient: 0.2
      - var_name: Gen_001d01h05
        coefficient: 0.2
      - var_name: Gen_001d01h06
        coefficient: 0.2
      - var_name: Gen_001d01h07
        coefficient: 0.2
      - var_name: Gen_001d01h08
        coefficient: 0.2
      - var_name: Gen_001d01h09
        coefficient: 0.2
      - var_name: Gen_001d01h10
        coefficient: 0.2
      - var_name: Gen_001d01h11
        coefficient: 0.2
constraints:
  "dummy_constraint:":
    Standard:
      name: "dummy_constraint:"
      coefficients:
        - var_name: Gen_001d01h01
          coefficient: 1
        - var_name: Gen_001d01h02
          coefficient: 1
        - var_name: "SO_GB.XYZ's.Dan.(1)"
          coefficient: 59.983048643
        - var_name: STU_7_AL.rsuT.Wat.Job.(1)
          coefficient: -0.2
      sense: "<="
      rhs: 1000
