---
source: tui/src/snapshot_tests.rs
expression: "render(&mut app, 80, 24).backend()"
---
" Summary │ Variables (2) │ Constraints (2) │ Objectives (1) │ Numerics          "
"╭ 1/2 variables (2 ╮╭ Variable: x ─────────────────────────────────────────────╮"
"│▶   x             ││Variable: x                                               │"
"│    y             ││──────────────────────────────────────                    │"
"│                  ││  Type:   DoubleBound                                     │"
"│                  ││  Lower:  0                                               │"
"│                  ││  Upper:  10                                              │"
"│                  ││  Range:  10                                              │"
"│                  ││                                                          │"
"│                  ││                                                          │"
"│                  ││                                                          │"
"│                  ││                                                          │"
"│                  ││                                                          │"
"│                  ││                                                          │"
"│                  ││                                                          │"
"│                  ││                                                          │"
"│                  ││                                                          │"
"│                  ││                                                          │"
"│                  ││                                                          │"
"│                  ││                                                          │"
"│                  ││                                                          │"
"│                  ││                                                          │"
"╰──────────────────╯╰──────────────────────────────────────────────────────────╯"
" model.lp  │  2 variables  y:yank  w:csv  S:solve  /:search  ^p:palette  ?:help "
