---
source: tui/src/snapshot_tests.rs
expression: "render(&mut app, 80, 24).backend()"
---
" Summary │ Variables │ Constraints +1 -1 ~1 │ Objectives ~1 │ Numerics          "
"╭ 1/3 constraints ─┬ Constraint: c1 [Modified] · r:raw ────────────────────────╮"
"│▍ [~] c1          │  Location: L4 / L4                                        │"
"│  [-] c2          │  RHS:      2  →  3                                        │"
"│  [+] c3          │                                                           │"
"│                  │  Coefficients:                                            │"
"│                  │  Old                           New                        │"
"│                  │  x                    1        x                    1     │"
"│                  │  y                    1        y                    1     │"
"│                  │                                                           │"
"│                  │                                                           │"
"│                  │                                                           │"
"│                  │                                                           │"
"│                  │                                                           │"
"│                  │                                                           │"
"│                  │                                                           │"
"│                  │                                                           │"
"│                  │                                                           │"
"│                  │                                                           │"
"│                  │                                                           │"
"│                  │                                                           │"
"│                  │                                                           │"
"╰──────────────────┴───────────────────────────────────────────────────────────╯"
" 4 changes  │  +1 -1 ~1 >0   E:what-if · r:raw · +/-/m:filter · s:sort · ?:help "
