---
source: tui/src/snapshot_tests.rs
expression: "render(&mut app, 120, 40).backend()"
---
" Summary │ Variables (3) │ Constraints (3) │ Objectives (1) │ Numerics                                                  "
"╭ ╭ Solve profile  (w write • Esc close) ────────────────────────────────────────────────────────────────────────────╮─▲"
"│ │  Solve profile                                                                                                   │ █"
"│ │  ─────────────                                                                                                   │ █"
"│ │  presets run one after another: concurrent solves would inflate each other's times                               │ █"
"│ │                                                                                                                  │ █"
"│ │  preset            status                        total        solve   iterations                                 │ █"
"│ │  default           Optimal                      0.041s       0.038s          312                                 │ █"
"│ │                    objective 190.000000                                                                          │ █"
"│ │  presolve off      Optimal                      0.118s       0.115s          904                                 │ █"
"│ │                    objective 190.000000                                                                          │ █"
"│ │  simplex dual      Optimal                      0.038s       0.035s          298                                 │ █"
"│ │                    objective 190.000000                                                                          │ █"
"│ │  simplex primal    ReachedTimeLimit             0.012s       0.010s            —                                 │ █"
"│ │                    objective —  ← differs from the baseline                                                      │ █"
"│ │  ipm               failed: HiGHS rejected `solver = ipm`                                                         │ █"
"│ │▸ local presolve    Optimal                      0.029s       0.021s          201                                 │ █"
"│ │                    objective 190.000000                                                                          │ █"
"│ │                                                                                                                  │ ║"
"│ │  fastest: local presolve — 1.41x over default                                                                    │ ║"
"│ │  local presolve: presolve: -2 rows, 1 cols fixed, 1 bounds, 1 pass(es), 0.0ms                                    │ ║"
"│ │  baseline objective 190.000000                                                                                   │ ║"
"│ │  budget 10.000s per preset after the baseline • sweep took 0.238s                                                │ ║"
"│ │                                                                                                                  │ ║"
"│ │                                                                                                                  │ ║"
"│ │                                                                                                                  │ ║"
"│ │                                                                                                                  │ ║"
"│ │                                                                                                                  │ ║"
"│ │                                                                                                                  │ ║"
"│ │                                                                                                                  │ ║"
"│ │                                                                                                                  │ ║"
"│ │                                                                                                                  │ ║"
"│ │                                                                                                                  │ ║"
"│ │                                                                                                                  │ ║"
"│ │                                                                                                                  │ ║"
"│ │                                                                                                                  │ ║"
"│ │                                                                                                                  │ ║"
"│ │                                                                                                                  │ ║"
"╰─╰──────────────────────────────────────────────────────────────────────────────────────────────────────────────────╯─▼"
" model.lp  │  7 total entries                                 1-5:section  S:solve  w:csv  /:search  ^p:palette  ?:help "
