---
source: tui/src/snapshot_tests.rs
expression: "render(&mut app, 100, 30).backend()"
---
" Summary │ Variables (2) │ Constraints (2) │ Objectives (1) │ Numerics                              "
"╭ Overview ────────╮╭ Summary ─────────────────────────────────────────────────────────────────────▲"
"│  Variables    (2)││  model.lp                                                                    █"
"│  Constraints  (2)││  Name:   (unnamed)                                                           █"
"│  Objectives   (1)││  Sense:  Minimize                                                            █"
"│                  ││                                                                              █"
"│   ╭ Rewrite: presolve & compare solves ──────────────────────────────────────────────────────╮   █"
"│   │▸ [x] Fixed columns → rhs (thins rows)                                                    │   █"
"│   │  [x] Singleton rows → bounds                                                             │   █"
"│   │  [x] Bound propagation                                                                   │   █"
"│   │  [x] Integer bound rounding                                                              │   █"
"│   │  [x] Redundant & forcing rows                                                            │   █"
"│   │  [x] Empty rows & columns                                                                │   ║"
"│   │  [x] Row scaling (powers of two)                                                         │   ║"
"│   │  [x] Column scaling (powers of two)                                                      │   ║"
"│   │  [ ] Split dense rows (what-if)                                                          │   ║"
"│   │  [ ] Relax integrality — LP relaxation (what-if)                                         │   ║"
"│   │                                                                                          │   ║"
"│   │  a fixed variable's term is a constant: move it to the rhs and drop it                   │   ║"
"│   │                                                                                          │   ║"
"│   │                                                                                          │   ║"
"│   │                                                                                          │   ║"
"│   │                                                                                          │   ║"
"│   ╰─ j/k move • space toggle • a all/none • Enter rewrite & solve • w write .lp • Esc cancel ╯   ║"
"│                  ││  Upper-bounded                  0                                            ║"
"│                  ││  Double-bounded                 2                                            ║"
"│                  ││  Semi-continuous                0                                            ║"
"│                  ││                                                                              ║"
"╰──────────────────╯╰──────────────────────────────────────────────────────────────────────────────▼"
" model.lp  │  5 total entries             1-5:section  S:solve  w:csv  /:search  ^p:palette  ?:help "
