---
source: tui/src/snapshot_tests.rs
expression: "render(&mut app, 120, 40).backend()"
---
" Summary │ Variables (2) │ Constraints (1) │ Objectives (1) │ Numerics                                                  "
"╭ Unbounded ray  (w write · Esc close) ────────────────────────────────────────────────────────────────────────────────╮"
"│  the objective is unbounded (Unbounded)                                                                              │"
"│  objective improves by 3.000000 per unit along the ray                                                               │"
"│                                                                                                                      │"
"│  Variables that run to infinity ─────────────────────                                                                │"
"│  give any one of these a finite bound in its ray direction to close the model                                        │"
"│  variable                             ray          cost         lower         upper                                  │"
"│  x                                 1.0000        3.0000        0.0000            +∞                                  │"
"│                                                                                                                      │"
"│  took 0.000s                                                                                                         │"
"│                                                                                                                      │"
"│                                                                                                                      │"
"│                                                                                                                      │"
"│                                                                                                                      │"
"│                                                                                                                      │"
"│                                                                                                                      │"
"│                                                                                                                      │"
"│                                                                                                                      │"
"│                                                                                                                      │"
"│                                                                                                                      │"
"│                                                                                                                      │"
"│                                                                                                                      │"
"│                                                                                                                      │"
"│                                                                                                                      │"
"│                                                                                                                      │"
"│                                                                                                                      │"
"│                                                                                                                      │"
"│                                                                                                                      │"
"│                                                                                                                      │"
"│                                                                                                                      │"
"│                                                                                                                      │"
"│                                                                                                                      │"
"│                                                                                                                      │"
"│                                                                                                                      │"
"│                                                                                                                      │"
"│                                                                                                                      │"
"│                                                                                                                      │"
"╰──────────────────────────────────────────────────────────────────────────────────────────────────────────────────────╯"
" model.lp  │  4 entries                                  1-5:section · S:solve · w:csv · /:search · ^p:palette · ?:help "
