---
source: tui/src/snapshot_tests.rs
expression: "render(&mut app, 100, 30).backend()"
---
" Summary │ Variables (2) │ Constraints (2) │ Objectives (1) │ Numerics                              "
"╭ Overview ────────╮╭ Summary ─────────────────────────────────────────────────────────────────────▲"
"│  Variables    (2)││  model.lp                                                                    █"
"│  Constraints  (2)││  Name:   (unnamed)                                                           █"
"│  Objectives   (1)││  Sense:  Minimize                                                            █"
"│                  ││                                                                              █"
"│                  ││  Model Contents                                                              █"
"│                  ││  Variables                2                                                  █"
"│          ╭ Rewrite: presolve & compare solves ────────────────────────────────────────╮          █"
"│          │▸ [x] Singleton rows → bounds                                               │          █"
"│          │  [x] Bound propagation                                                     │          █"
"│          │  [x] Integer bound rounding                                                │          █"
"│          │  [x] Redundant & forcing rows                                              │          ║"
"│          │  [x] Empty rows & columns                                                  │          ║"
"│          │                                                                            │          ║"
"│          │  a row with one term is a bound: 3x <= 12 becomes x <= 4                   │          ║"
"│          │                                                                            │          ║"
"│          │                                                                            │          ║"
"│          │                                                                            │          ║"
"│          │                                                                            │          ║"
"│          │                                                                            │          ║"
"│          │                                                                            │          ║"
"│          ╰─ j/k move • space toggle • a all/none • Enter rewrite & solve • Esc cancel ╯          ║"
"│                  ││  Lower-bounded                  0                                            ║"
"│                  ││  Upper-bounded                  0                                            ║"
"│                  ││  Double-bounded                 2                                            ║"
"│                  ││  Semi-continuous                0                                            ║"
"│                  ││                                                                              ║"
"╰──────────────────╯╰──────────────────────────────────────────────────────────────────────────────▼"
" model.lp  │  5 total entries             1-5:section  S:solve  w:csv  /:search  ^p:palette  ?:help "
