---
source: tui/src/snapshot_tests.rs
expression: "render(&mut app, 80, 24).backend()"
---
" Summary │ Variables │ Constraints +1 -1 ~1 │ Objectives ~1 │ Numerics          "
"╭ 1/3 constraints (╮╭ Constraint: c1 · r:raw ──────────────────────────────────╮"
"│▶ [~] c1          ││Constraint: c1 [Modified]                                 │"
"│  [-] c2          ││──────────────────────────────────────                    │"
"│  [+] c3          ││  Location: L4 / L4                                       │"
"│                  ││  RHS:      2  →  3                                       │"
"│                  ││                                                          │"
"│                  ││  Coefficients:                                           │"
"│                  ││ Old                          New                         │"
"│                  ││ x                     1      x                     1     │"
"│                  ││ y                     1      y                     1     │"
"│                  ││                                                          │"
"│                  ││                                                          │"
"│                  ││                                                          │"
"│                  ││                                                          │"
"│                  ││                                                          │"
"│                  ││                                                          │"
"│                  ││                                                          │"
"│                  ││                                                          │"
"│                  ││                                                          │"
"│                  ││                                                          │"
"│                  ││                                                          │"
"╰──────────────────╯╰──────────────────────────────────────────────────────────╯"
" 4 changes  │  +1 -1 ~1  E:what-if  r:raw  +/-/m:filter  s:sort  y:yank  ?:help "
