---
source: tui/src/snapshot_tests.rs
expression: "render(&mut app, 120, 40).backend()"
---
" 1 Summary │ 2 Variables (3) │ 3 Constraints (3) │ 4 Objectives (1) │ 5 Numerics !1                                     "
"╭ Solve profile  (w:write · Esc:close) ────────────────────────────────────────────────────────────────────────────────╮"
"│  presets run one after another: concurrent solves would inflate each other's times                                   │"
"│                                                                                                                      │"
"│  preset            status                        total        solve   iterations                                     │"
"│  default           Optimal                        41ms         38ms          312                                     │"
"│                    objective 190                                                                                     │"
"│  presolve off      Optimal                       118ms        115ms          904                                     │"
"│                    objective 190                                                                                     │"
"│  simplex dual      Optimal                        38ms         35ms          298                                     │"
"│                    objective 190                                                                                     │"
"│  simplex primal    ReachedTimeLimit               12ms         10ms            —                                     │"
"│                    objective —  ← differs from the baseline                                                          │"
"│  ipm               failed: HiGHS rejected `solver = ipm`                                                             │"
"│▸ local presolve    Optimal                        29ms         21ms          201                                     │"
"│                    objective 190                                                                                     │"
"│                                                                                                                      │"
"│  fastest: local presolve — 1.41x over default                                                                        │"
"│  local presolve: presolve: -2 rows, 1 col fixed, 1 bound, 1 pass, 0.0ms                                              │"
"│  baseline objective 190                                                                                              │"
"│  budget 10.00s per preset after the baseline · sweep took 238ms                                                      │"
"│                                                                                                                      │"
"│                                                                                                                      │"
"│                                                                                                                      │"
"│                                                                                                                      │"
"│                                                                                                                      │"
"│                                                                                                                      │"
"│                                                                                                                      │"
"│                                                                                                                      │"
"│                                                                                                                      │"
"│                                                                                                                      │"
"│                                                                                                                      │"
"│                                                                                                                      │"
"│                                                                                                                      │"
"│                                                                                                                      │"
"│                                                                                                                      │"
"│                                                                                                                      │"
"│                                                                                                                      │"
"╰──────────────────────────────────────────────────────────────────────────────────────────────────────────────────────╯"
" model.lp  │  7 entries                                                           j/k:scroll · w:write .txt · Esc:close "
