---
source: tui/src/snapshot_tests.rs
expression: "render(&mut app, 80, 24).backend()"
---
" Summary │ Variables │ Constraints +1 -1 ~1 │ Objectives ~1 │ Numerics          "
"╭ Overview ────────╮╭ Summary ─────────────────────────────────────────────────▲"
"│  Variables    (0)││  a.lp  →  b.lp                                           █"
"│  Constraints  (3)││                                                          █"
"│  Objectives   (1)││  Section         Added  Removed    Modified  Renamed    T█"
"│                  ││  ────────────────────────────────────────────────────────█"
"│                  ││  Variables           0        0           0        0     █"
"│                  ││  Constraints         1        1           1        0     █"
"│                  ││  Objectives          0        0           1        0     ║"
"│                  ││  ────────────────────────────────────────────────────────║"
"│                  ││  TOTAL               1        1           2        0     ║"
"│                  ││                                                          ║"
"│                  ││  Problem Dimensions                                      ║"
"│                  ││                          File A      File B       Delta  ║"
"│                  ││  ──────────────────────────────────────────────────────  ║"
"│                  ││  Variables                    2           2           —  ║"
"│                  ││  Constraints                  2           2           —  ║"
"│                  ││  Non-zeros                    4           4           —  ║"
"│                  ││  Density                100.00%     100.00%           —  ║"
"│                  ││  Vars/constraint            2–2         2–2              ║"
"│                  ││                                                          ║"
"│                  ││  Variable Types                                          ║"
"╰──────────────────╯╰──────────────────────────────────────────────────────────▼"
" 4 changes  │  +1 -1  1-5:section  S:solve  w:csv  /:search  ^p:palette  ?:help "
