---
source: tui/src/snapshot_tests.rs
expression: "render(&mut app, 80, 24).backend()"
---
" 1 Summary │ 2 Variables │ 3 Constraints +1 -1 ~1 │ 4 Objectives ~1 │ 5 Numerics"
"╭ 1/3 constraints ─┬ Constraint: c1 [Modified] · r:raw ────────────────────────╮"
"│▍ [~] c1          │  Location: L4 / L4                                        │"
"│  [-] c2          │  RHS:      2  →  3                                        │"
"│  [+] c3          │                                                           │"
"│                  │  Coefficients:                                            │"
"│                  │  Variable Old  New                                        │"
"│                  │  x          1    1                                        │"
"│                  │  y          1    1                                        │"
"│                  │                                                           │"
"│                  │                                                           │"
"│                  │                                                           │"
"│                  │                                                           │"
"│                  │                                                           │"
"│                  │                                                           │"
"│                  │                                                           │"
"│                  │                                                           │"
"│                  │                                                           │"
"│                  │                                                           │"
"│                  │                                                           │"
"│                  │                                                           │"
"│                  │                                                           │"
"╰──────────────────┴───────────────────────────────────────────────────────────╯"
" 4 changes  │  +1 -1 ~1  │  filter:All (3)           E:what-if · r:raw · ?:help "
