---
source: tui/src/snapshot_tests.rs
expression: "render(&mut app, 120, 40).backend()"
---
" Summary │ Variables (2) │ Constraints (3) │ Objectives (1) │ Numerics                                                  "
"╭ ╭ Irreducible infeasible subsystem  (w write • Esc close) ─────────────────────────────────────────────────────────╮─▲"
"│ │  Irreducible infeasible subsystem                                                                                │ █"
"│ │  ────────────────────────────────                                                                                │ █"
"│ │  2 row(s) and 1 bound(s) that cannot hold together                                                               │ █"
"│ │  no proper subset of these is infeasible: relaxing any one of them removes this conflict                         │ █"
"│ │  (the elastic diagnosis on a solve, `e`, answers the different question of which is cheapest to relax)           │ █"
"│ │                                                                                                                  │ █"
"│ │  Constraints                                                                                                     │ █"
"│ │  ───────────                                                                                                     │ █"
"│ │  name                         bound                                                                              │ █"
"│ │  c1                           lower                                                                              │ █"
"│ │  c2                           upper                                                                              │ █"
"│ │                                                                                                                  │ █"
"│ │  Variable bounds                                                                                                 │ █"
"│ │  ───────────────                                                                                                 │ █"
"│ │  name                         bound                                                                              │ █"
"│ │  x                            lower                                                                              │ █"
"│ │                                                                                                                  │ ║"
"│ │  took 0.000s                                                                                                     │ ║"
"│ │                                                                                                                  │ ║"
"│ │                                                                                                                  │ ║"
"│ │                                                                                                                  │ ║"
"│ │                                                                                                                  │ ║"
"│ │                                                                                                                  │ ║"
"│ │                                                                                                                  │ ║"
"│ │                                                                                                                  │ ║"
"│ │                                                                                                                  │ ║"
"│ │                                                                                                                  │ ║"
"│ │                                                                                                                  │ ║"
"│ │                                                                                                                  │ ║"
"│ │                                                                                                                  │ ║"
"│ │                                                                                                                  │ ║"
"│ │                                                                                                                  │ ║"
"│ │                                                                                                                  │ ║"
"│ │                                                                                                                  │ ║"
"│ │                                                                                                                  │ ║"
"│ │                                                                                                                  │ ║"
"╰─╰──────────────────────────────────────────────────────────────────────────────────────────────────────────────────╯─▼"
" model.lp  │  6 total entries                                 1-5:section  S:solve  w:csv  /:search  ^p:palette  ?:help "
