---
source: tui/src/snapshot_tests.rs
expression: "render(&mut app, 120, 40).backend()"
---
" Summary │ Variables (2) │ Constraints (2) │ Objectives (1) │ Numerics                                                  "
"╭ ╭ Ranging  (w write • Esc close) ──────────────────────────────────────────────────────────────────────────────────╮─▲"
"│ │  Ranging                                                                                                         │ █"
"│ │  ───────                                                                                                         │ █"
"│ │  how far each quantity moves before the optimal basis changes                                                    │ █"
"│ │  objective 4.000000                                                                                              │ █"
"│ │                                                                                                                  │ █"
"│ │  Selected                                                                                                        │ █"
"│ │  ────────                                                                                                        │ █"
"│ │  c1 — row activity                                                                                               │ █"
"│ │  currently   2.000000                                                                                            │ █"
"│ │  holds over  [-0.0000, 8.0000]                                                                                   │ █"
"│ │  objective   0.000000 at the low end, 16.000000 at the high end                                                  │ █"
"│ │                                                                                                                  │ █"
"│ │  Objective coefficients                                                                                          │ █"
"│ │  ──────────────────────                                                                                          │ █"
"│ │  name                             current       down to         up to                                            │ █"
"│ │  x                                 2.0000        0.0000        3.0000                                            │ █"
"│ │  y                                 3.0000        2.0000            +∞                                            │ █"
"│ │                                                                                                                  │ ║"
"│ │  Row activities                                                                                                  │ ║"
"│ │  ──────────────                                                                                                  │ ║"
"│ │  name                             current       down to         up to                                            │ ║"
"│ │  c1                                2.0000       -0.0000        8.0000                                            │ ║"
"│ │  c2                                2.0000       -2.0000        8.0000                                            │ ║"
"│ │                                                                                                                  │ ║"
"│ │  took 0.000s                                                                                                     │ ║"
"│ │                                                                                                                  │ ║"
"│ │                                                                                                                  │ ║"
"│ │                                                                                                                  │ ║"
"│ │                                                                                                                  │ ║"
"│ │                                                                                                                  │ ║"
"│ │                                                                                                                  │ ║"
"│ │                                                                                                                  │ ║"
"│ │                                                                                                                  │ ║"
"│ │                                                                                                                  │ ║"
"│ │                                                                                                                  │ ║"
"│ │                                                                                                                  │ ║"
"╰─╰──────────────────────────────────────────────────────────────────────────────────────────────────────────────────╯─▼"
" model.lp  │  5 total entries                                 1-5:section  S:solve  w:csv  /:search  ^p:palette  ?:help "
