---
source: tui/src/snapshot_tests.rs
expression: "render(&mut app, 80, 24).backend()"
---
" Summary │╭ Keybindings  (j/k scroll · Esc close) ───────────────────╮          "
"╭ Overview│                                                          │─────────▲"
"│  Variabl│  Single-file inspect mode                                │         █"
"│  Constra│  ───────────────────────                                 │         █"
"│  Objecti│                                                          │         █"
"│         │  Navigation                              Other           │         █"
"│         │  ─────────                               ─────           │         █"
"│         │  j / ↓   Down                            /   Search      │         █"
"│         │  k / ↑   Up                              Ctrl-p  Command │         █"
"│         │  g / Home Top                             ?   This help  │         ║"
"│         │  G / End  Bottom                          q   Quit       │         ║"
"│         │  [ / ]   Prev/next section                Ctrl-C  Force q│         ║"
"│         │  n / N   Next / prev match               E   What-if: edi│         ║"
"│         │  Ctrl-d / Ctrl-u  Half page ↓ / ↑        Clipboard       │         ║"
"│         │  Ctrl-f / Ctrl-b  Full page ↓ / ↑        ─────────       │         ║"
"│         │  Ctrl-o / Ctrl-i  Jump back / forward    yy  Yank name   │         ║"
"│         │  Tab / ⇧Tab  Next / prev panel           Y   Yank detail │         ║"
"│         │  Enter   Go to detail                    w   Export CSV (│         ║"
"│         │  h / l   Sidebar / Detail                    constraints,│         ║"
"│         │  1–5     Jump to section (5: Numerics)    S   Solve this │         ║"
"│         │  Esc     Back                                            │         ║"
"│         │                                                          │         ║"
"╰─────────│  Search (Telescope-style pop-up)                         │─────────▼"
" model.lp ╰──────────────────────────────────────────────────────────╯e  ?:help "
