---
source: tui/src/snapshot_tests.rs
expression: "render(&mut app, 120, 40).backend()"
---
" Summary │ Variables (3) │ Constraints (3) │ Objectives (1) │ Numerics                                                  "
"╭ ╭ Presolve log  (j/k scroll • w write .txt • Esc close) ───────────────────────────────────────────────────────────╮─▲"
"│ │  HiGHS presolve: solved the model outright — nothing left, 0.0ms                                                 │ █"
"│ │  3 rows, 3 cols in → 0 rows, 0 cols out                                                                          │ █"
"│ │                                                                                                                  │ █"
"│ │  3 row(s) removed                                                                                                │ █"
"│ │                                                                                                                  │ █"
"│ │  c1                                                                                                              │ █"
"│ │  c2                                                                                                              │ █"
"│ │  c3                                                                                                              │ █"
"│ │                                                                                                                  │ █"
"│ │  3 column(s) removed                                                                                             │ █"
"│ │                                                                                                                  │ █"
"│ │  x                                                                                                               │ █"
"│ │  y                                                                                                               │ █"
"│ │  z                                                                                                               │ █"
"│ │                                                                                                                  │ █"
"│ │                                                                                                                  │ █"
"│ │                                                                                                                  │ █"
"│ │                                                                                                                  │ ║"
"│ │                                                                                                                  │ ║"
"│ │                                                                                                                  │ ║"
"│ │                                                                                                                  │ ║"
"│ │                                                                                                                  │ ║"
"│ │                                                                                                                  │ ║"
"│ │                                                                                                                  │ ║"
"│ │                                                                                                                  │ ║"
"│ │                                                                                                                  │ ║"
"│ │                                                                                                                  │ ║"
"│ │                                                                                                                  │ ║"
"│ │                                                                                                                  │ ║"
"│ │                                                                                                                  │ ║"
"│ │                                                                                                                  │ ║"
"│ │                                                                                                                  │ ║"
"│ │                                                                                                                  │ ║"
"│ │                                                                                                                  │ ║"
"│ │                                                                                                                  │ ║"
"│ │                                                                                                                  │ ║"
"╰─╰──────────────────────────────────────────────────────────────────────────────────────────────────────────────────╯─▼"
" model.lp  │  7 total entries                                 1-5:section  S:solve  w:csv  /:search  ^p:palette  ?:help "
